User@LAPTOP-K6LKCRAF MINGW64 /g/Akshada/Nodejs/printable (master)
$ git init
Initialized empty Git repository in G:/Akshada/Nodejs/printable/.git/

User@LAPTOP-K6LKCRAF MINGW64 /g/Akshada/Nodejs/printable (master)
$ git add -A

User@LAPTOP-K6LKCRAF MINGW64 /g/Akshada/Nodejs/printable (master)
$ git status
On branch master

No commits yet

Changes to be committed:
  (use "git rm --cached <file>..." to unstage)

        new file:   jqueryvalidation.html


User@LAPTOP-K6LKCRAF MINGW64 /g/Akshada/Nodejs/printable (master)
$ git add .

User@LAPTOP-K6LKCRAF MINGW64 /g/Akshada/Nodejs/printable (master)
$ git status
On branch master

No commits yet

Changes to be committed:
  (use "git rm --cached <file>..." to unstage)

        new file:   jqueryvalidation.html


User@LAPTOP-K6LKCRAF MINGW64 /g/Akshada/Nodejs/printable (master)
$ git commit -m "new file"
[master (root-commit) 7f8914e] new file
 1 file changed, 80 insertions(+)
 create mode 100644 jqueryvalidation.html

User@LAPTOP-K6LKCRAF MINGW64 /g/Akshada/Nodejs/printable (master)
$ git remote add origin https://github.com/AkshadaRK/Practicegit.git

User@LAPTOP-K6LKCRAF MINGW64 /g/Akshada/Nodejs/printable (master)
$ git push -u origin master
Enumerating objects: 3, done.
Counting objects: 100% (3/3), done.
Delta compression using up to 4 threads
Compressing objects: 100% (2/2), done.
Writing objects: 100% (3/3), 1.05 KiB | 536.00 KiB/s, done.
Total 3 (delta 0), reused 0 (delta 0)
To https://github.com/AkshadaRK/Practicegit.git
 * [new branch]      master -> master
Branch 'master' set up to track remote branch 'master' from 'origin'.

User@LAPTOP-K6LKCRAF MINGW64 /g/Akshada/Nodejs/printable (master)
$ git pull
remote: Enumerating objects: 5, done.
remote: Counting objects: 100% (5/5), done.
remote: Compressing objects: 100% (2/2), done.
remote: Total 3 (delta 1), reused 0 (delta 0), pack-reused 0
Unpacking objects: 100% (3/3), done.
From https://github.com/AkshadaRK/Practicegit
   7f8914e..474e946  master     -> origin/master
Updating 7f8914e..474e946
Fast-forward
 jqueryvalidation.html | 8 +++++++-
 1 file changed, 7 insertions(+), 1 deletion(-)

User@LAPTOP-K6LKCRAF MINGW64 /g/Akshada/Nodejs/printable (master)
$ git status
On branch master
Your branch is up to date with 'origin/master'.

Changes not staged for commit:
  (use "git add <file>..." to update what will be committed)
  (use "git checkout -- <file>..." to discard changes in working directory)

        modified:   jqueryvalidation.html

no changes added to commit (use "git add" and/or "git commit -a")

User@LAPTOP-K6LKCRAF MINGW64 /g/Akshada/Nodejs/printable (master)
$ git add -a
error: unknown switch `a'
usage: git add [<options>] [--] <pathspec>...

    -n, --dry-run         dry run
    -v, --verbose         be verbose

    -i, --interactive     interactive picking
    -p, --patch[=<patch-mode>]
                          select hunks interactively
    -e, --edit            edit current diff and apply
    -f, --force           allow adding otherwise ignored files
    -u, --update          update tracked files
    --renormalize         renormalize EOL of tracked files (implies -u)
    -N, --intent-to-add   record only the fact that the path will be added later
    -A, --all             add changes from all tracked and untracked files
    --ignore-removal      ignore paths removed in the working tree (same as --no-all)
    --refresh             don't add, only refresh the index
    --ignore-errors       just skip files which cannot be added because of errors
    --ignore-missing      check if - even missing - files are ignored in dry run
    --chmod (+|-)x        override the executable bit of the listed files


User@LAPTOP-K6LKCRAF MINGW64 /g/Akshada/Nodejs/printable (master)
$ git commit -m "update file"
On branch master
Your branch is up to date with 'origin/master'.

Changes not staged for commit:
        modified:   jqueryvalidation.html

no changes added to commit

User@LAPTOP-K6LKCRAF MINGW64 /g/Akshada/Nodejs/printable (master)
$ git commit -m "update file"
On branch master
Your branch is up to date with 'origin/master'.

Changes not staged for commit:
        modified:   jqueryvalidation.html

no changes added to commit

User@LAPTOP-K6LKCRAF MINGW64 /g/Akshada/Nodejs/printable (master)
$ git push -u origin master
Everything up-to-date
Branch 'master' set up to track remote branch 'master' from 'origin'.

User@LAPTOP-K6LKCRAF MINGW64 /g/Akshada/Nodejs/printable (master)
$ git status
On branch master
Your branch is up to date with 'origin/master'.

Changes not staged for commit:
  (use "git add <file>..." to update what will be committed)
  (use "git checkout -- <file>..." to discard changes in working directory)

        modified:   jqueryvalidation.html

no changes added to commit (use "git add" and/or "git commit -a")

User@LAPTOP-K6LKCRAF MINGW64 /g/Akshada/Nodejs/printable (master)
$ git add .

User@LAPTOP-K6LKCRAF MINGW64 /g/Akshada/Nodejs/printable (master)
$ git status
On branch master
Your branch is up to date with 'origin/master'.

Changes to be committed:
  (use "git reset HEAD <file>..." to unstage)

        modified:   jqueryvalidation.html


User@LAPTOP-K6LKCRAF MINGW64 /g/Akshada/Nodejs/printable (master)
$ git commit -m "update file"
[master c717343] update file
 1 file changed, 6 insertions(+)

User@LAPTOP-K6LKCRAF MINGW64 /g/Akshada/Nodejs/printable (master)
$ git push -u origin master
Enumerating objects: 5, done.
Counting objects: 100% (5/5), done.
Delta compression using up to 4 threads
Compressing objects: 100% (2/2), done.
Writing objects: 100% (3/3), 305 bytes | 305.00 KiB/s, done.
Total 3 (delta 1), reused 0 (delta 0)
remote: Resolving deltas: 100% (1/1), completed with 1 local object.
To https://github.com/AkshadaRK/Practicegit.git
   474e946..c717343  master -> master
Branch 'master' set up to track remote branch 'master' from 'origin'.

User@LAPTOP-K6LKCRAF MINGW64 /g/Akshada/Nodejs/printable (master)
$ git branch man

User@LAPTOP-K6LKCRAF MINGW64 /g/Akshada/Nodejs/printable (master)
$ git branch
  man
* master

User@LAPTOP-K6LKCRAF MINGW64 /g/Akshada/Nodejs/printable (master)
$ git checkout man
Switched to branch 'man'

User@LAPTOP-K6LKCRAF MINGW64 /g/Akshada/Nodejs/printable (man)
$ git branch
* man
  master

User@LAPTOP-K6LKCRAF MINGW64 /g/Akshada/Nodejs/printable (man)
$ git status
On branch man
Untracked files:
  (use "git add <file>..." to include in what will be committed)

        a.txt

nothing added to commit but untracked files present (use "git add" to track)

User@LAPTOP-K6LKCRAF MINGW64 /g/Akshada/Nodejs/printable (man)
$ git add .

User@LAPTOP-K6LKCRAF MINGW64 /g/Akshada/Nodejs/printable (man)
$ git commit -m "add a in mAN BRANCH"
[man 4240e72] add a in mAN BRANCH
 1 file changed, 1 insertion(+)
 create mode 100644 a.txt

User@LAPTOP-K6LKCRAF MINGW64 /g/Akshada/Nodejs/printable (man)
$ LS
a.txt  jqueryvalidation.html

User@LAPTOP-K6LKCRAF MINGW64 /g/Akshada/Nodejs/printable (man)
$ git checkout master
Switched to branch 'master'
Your branch is up to date with 'origin/master'.

User@LAPTOP-K6LKCRAF MINGW64 /g/Akshada/Nodejs/printable (master)
$ ls
jqueryvalidation.html

User@LAPTOP-K6LKCRAF MINGW64 /g/Akshada/Nodejs/printable (master)
$ git push origin man
Enumerating objects: 4, done.
Counting objects: 100% (4/4), done.
Delta compression using up to 4 threads
Compressing objects: 100% (2/2), done.
Writing objects: 100% (3/3), 307 bytes | 307.00 KiB/s, done.
Total 3 (delta 0), reused 0 (delta 0)
remote:
remote: Create a pull request for 'man' on GitHub by visiting:
remote:      https://github.com/AkshadaRK/Practicegit/pull/new/man
remote:
To https://github.com/AkshadaRK/Practicegit.git
 * [new branch]      man -> man

User@LAPTOP-K6LKCRAF MINGW64 /g/Akshada/Nodejs/printable (master)
$ git merge man
Updating c717343..4240e72
Fast-forward
 a.txt | 1 +
 1 file changed, 1 insertion(+)
 create mode 100644 a.txt

User@LAPTOP-K6LKCRAF MINGW64 /g/Akshada/Nodejs/printable (master)
$ ls
a.txt  jqueryvalidation.html

User@LAPTOP-K6LKCRAF MINGW64 /g/Akshada/Nodejs/printable (master)
$ git push origin master
Total 0 (delta 0), reused 0 (delta 0)
To https://github.com/AkshadaRK/Practicegit.git
   c717343..4240e72  master -> master

User@LAPTOP-K6LKCRAF MINGW64 /g/Akshada/Nodejs/printable (master)
$ git clone "https://github.com/AkshadaRK/Practicegit.git"
Cloning into 'Practicegit'...
remote: Enumerating objects: 12, done.
remote: Counting objects: 100% (12/12), done.
remote: Compressing objects: 100% (7/7), done.
remote: Total 12 (delta 2), reused 9 (delta 1), pack-reused 0
Unpacking objects: 100% (12/12), done.

User@LAPTOP-K6LKCRAF MINGW64 /g/Akshada/Nodejs/printable (master)
$ $ git archive -o Practicegit.zip master
bash: $: command not found

User@LAPTOP-K6LKCRAF MINGW64 /g/Akshada/Nodejs/printable (master)
$ git archive -o Practicegit.zip master

User@LAPTOP-K6LKCRAF MINGW64 /g/Akshada/Nodejs/printable (master)
$
